youtube.com
reddit.com
www.blogger.com
www.google.com
wordpress.org
apple.com
googleusercontent.com
linkedin.com
microsoft.com
cloudflare.com
policies.google.com
support.google.com
play.google.com
whatsapp.com
youtu.be
docs.google.com
wa.me
tiktok.com
mozilla.org
plus.google.com
maps.google.com
accounts.google.com
drive.google.com
bp.blogspot.com
europa.eu
en.wikipedia.org
t.me
es.wikipedia.org
x.com
vk.com
github.com
pt.wikipedia.org
adobe.com
istockphoto.com
vimeo.com
www.weebly.com
facebook.com
sites.google.com
cpanel.net
opera.com
wikimedia.org
googleblog.com
developers.google.com
abril.com.br
brandbucket.com
draft.blogger.com
tools.google.com
mediafire.com
jimdofree.com
files.wordpress.com
medium.com
google.de
live.com
google.com.br
dailymotion.com
nih.gov
bbc.co.uk
goo.gl
google.es
myspace.com
amazon.com
w3.org
afternic.com
feedburner.com
fr.wikipedia.org
dropbox.com
news.google.com
gravatar.com
uol.com.br
www.yahoo.com
ok.ru
globo.com
nytimes.com
gstatic.com
forms.gle
paypal.com
netvibes.com
who.int
imdb.com
line.me
shopify.com
cnn.com
bbc.com
storage.googleapis.com
scribd.com
usatoday.com
hugedomains.com
dan.com
issuu.com
ig.com.br
slideshare.net
businessinsider.com
namebright.com
amazon.co.jp
estadao.com.br
4shared.com
amazon.co.uk
foxnews.com
nicsell.com
twitch.tv
huffingtonpost.com
nature.com
tinyurl.com
forbes.com
aliexpress.com
photos.google.com
plesk.com
mirror.co.uk
independent.co.uk
bloomberg.com
wiley.com
marketingplatform.google.com
indiatimes.com
nginx.com
spotify.com
huffpost.com
telegram.me
wp.com
ovhcloud.com
myaccount.google.com
sedo.com
reuters.com
planalto.gov.br
archive.org
www.gov.br
booking.com
youronlinechoices.com
buydomains.com
google.fr
office.com
twitter.com
theguardian.com
google.co.jp
creativecommons.org
pixabay.com
adssettings.google.com
www.typepad.com
cdc.gov
domainmarket.com
www.gov.uk
msn.com
picasaweb.google.com
washingtonpost.com
www.wix.com
correios.com.br
get.google.com
oracle.com
terra.com.br
ft.com
ytimg.com
mail.google.com
wsj.com
webmd.com
dailymail.co.uk
fb.com
expireddomains.com
discord.com
messenger.com
google.co.uk
instagram.com
nginx.org
researchgate.net
google.it
thesun.co.uk
fandom.com
linktr.ee
mail.ru
list-manage.com
un.org
3ds.com
hatena.ne.jp
ru.wikipedia.org
dropcatch.com
time.com
telegraph.co.uk
news.yahoo.com
bit.ly
aboutads.info
pinterest.com
huawei.com
t.co
elpais.com
de.wikipedia.org
enable-javascript.com
ibm.com
gmail.com
britannica.com
yahoo.co.jp
www.livejournal.com
buzzfeed.com
lemonde.fr
google.ca
yandex.com
nhk.or.jp
naver.com
newsweek.com
techcrunch.com
imageshack.us
ebay.com
economist.com
zoom.us
thetimes.co.uk
nasa.gov
amzn.to
home.pl
example.com
photos1.blogger.com
secureserver.net
hp.com
doubleclick.net
perfectdomain.com
latimes.com
steampowered.com
amazon.es
statista.com
espn.com
oup.com
instructables.com
ouest-france.fr
tmz.com
amazonaws.com
hotmart.com
akamaihd.net
npr.org
groups.google.com
m.wikipedia.org
wired.com
ovh.com
bandcamp.com
ssl-images-amazon.com
walmart.com
ign.com
abc.net.au
canva.com
mit.edu
addthis.com
dreamstime.com
alicdn.com
playstation.com
yadi.sk
whitehouse.gov
kickstarter.com
apache.org
t.ly
ted.com
clickbank.net
hollywoodreporter.com
trustpilot.com
20minutos.es
samsung.com
www.wikipedia.org
clarin.com
liveinternet.ru
namecheap.com
as.com
google.nl
thenai.org
telegram.org
plos.org
nbcnews.com
change.org
android.com
sakura.ne.jp
cointernet.com.co
g.co
my.yahoo.com
elmundo.es
rakuten.co.jp
wikia.com
news.com.au
disqus.com
sciencedirect.com
loc.gov
php.net
id.wikipedia.org
zippyshare.com
marca.com
finance.yahoo.com
google.pl
soundcloud.com
calameo.com
nydailynews.com
guardian.co.uk
netflix.com
pbs.org
themeforest.net
picasa.google.com
firefox.com
shutterstock.com
lefigaro.fr
detik.com
bloglovin.com
mega.nz
abc.es
translate.google.com
cnet.com
arxiv.org
t-online.de
francetvinfo.fr
deezer.com
ca.gov
it.wikipedia.org
cpanel.com
engadget.com
gofundme.com
cornell.edu
books.google.com
psychologytoday.com
pl.wikipedia.org
sky.com
dailystar.co.uk
timeweb.ru
doi.org
business.google.com
tripadvisor.com
leparisien.fr
aol.com
skype.com
welt.de
rtve.es
eventbrite.com
rapidshare.com
privacyshield.gov
metro.co.uk
vistaprint.com
bing.com
hubspot.com
ggpht.com
wikihow.com
standard.co.uk
redbull.com
stanford.edu
rambler.ru
outlook.com
cnil.fr
sapo.pt
rt.com
springer.com
cbsnews.com
google.ru
yandex.ru
cnbc.com
dw.com
cambridge.org
ea.com
taringa.net
ikea.com
qq.com
abcnews.go.com
godaddy.com
academia.edu
netlify.app
zendesk.com
networkadvertising.org
mystrikingly.com
pexels.com
offset.com
photobucket.com
mashable.com
addtoany.com
unesco.org
code.google.com
surveymonkey.com
yelp.com
sendspace.com
amazon.fr
amazon.de
wiktionary.org
unsplash.com
search.yahoo.com
dovendi.com
discord.gg
quora.com
gizmodo.com
weibo.com
nintendo.com
workspace.google.com
hindustantimes.com
cbc.ca
behance.net
express.co.uk
ja.wikipedia.org
harvard.edu
nypost.com
goodreads.com
lavanguardia.com
icann.org
spiegel.de
nationalgeographic.com
ziddu.com
theatlantic.com
variety.com
ipv4.google.com
amazon.it
cutt.ly
telegra.ph
theverge.com
safety.google
sciencedaily.com
about.com
insider.com
sputniknews.com
mozilla.com
reg.ru
slate.com
sedoparking.com
pornhub.com
strato-hosting.eu
adweek.com
thestar.com
faz.net
ebayimg.com
amazon.in
onamae.com
tes.com
barnesandnoble.com
cisco.com
noaa.gov
waze.com
steamcommunity.com
stuff.co.nz
onelink.me
focus.de
about.me
newscientist.com
123rf.com
thehill.com
bfmtv.com
bp1.blogger.com
wallpapers.com
mailchi.mp
scholastic.com
excite.co.jp
qz.com
elsevier.com
usgs.gov
openai.com
weforum.org
worldbank.org
dell.com
house.gov
rottentomatoes.com
amazon.ca
xbox.com
typeform.com
ieee.org
usnews.com
blog.fc2.com
yale.edu
bp2.blogger.com
google.co.in
fifa.com
icloud.com
bild.de
ndtv.com
udemy.com
marriott.com
greenpeace.org
hilton.com
xinhuanet.com
prtimes.jp
hoax.com
smh.com.au
naver.jp
usp.br
legifrance.gouv.fr
m.me
coursera.org
dribbble.com
chaturbate.com
washington.edu
itch.io
automattic.com
dynadot.com
newyorker.com
nymag.com
java.com
thedailybeast.com
mynavi.jp
xing.com
search.google.com
mdpi.com
zdnet.com
getpocket.com
domaineasy.com
usda.gov
marketwatch.com
theconversation.com
answers.com
ameblo.jp
snapchat.com
indiegogo.com
geocities.com
impress.co.jp
feedproxy.google.com
fbsbx.com
nfl.com
digg.com
utexas.edu
bp0.blogger.com
goal.com